
  ___  ____  ____  ____  ____ ®
 /__    /   ____/   /   ____/      StataNow 19.5
___/   /   /___/   /   /___/       MP—Parallel Edition

 Statistics and Data Science       Copyright 1985-2025 StataCorp LLC
                                   StataCorp
                                   4905 Lakeway Drive
                                   College Station, Texas 77845 USA
                                   800-782-8272        https://www.stata.com
                                   979-696-4600        service@stata.com

Stata license: Single-user 4-core , expiring 31 Aug 2026
Serial number: 501909220406
  Licensed to: Jeffrey D. Michler
               University of Arizona

Notes:
      1. Stata is running in batch mode.
      2. Unicode is supported; see help unicode_advice.
      3. More than 2 billion observations are allowed; see help obs_advice.
      4. Maximum number of variables is set to 5,000 but can be increased;
          see help set_maxvar.

. do check_missing.do 

. use "c:/Users/jdmichler/git/learn-stata/data/mm-1.dta", clear

. count if missing(yield)
  331

. count if missing(icp)
  0

. 
. gen first_icp = tindex if icp == 1
(637 missing values generated)

. bysort qnno: egen min_icp = min(first_icp)
(213 missing values generated)

. replace first_icp = min_icp
(902 real changes made)

. drop min_icp

. replace first_icp = 0 if missing(first_icp)
(213 real changes made)

. 
. count if missing(first_icp)
  0

. xtset qnno tindex

Panel variable: qnno (strongly balanced)
 Time variable: tindex, 0 to 2
         Delta: 1 unit

. csdid yield, ivar(qnno) time(tindex) gvar(first_icp)
Panel is not balanced
Will use observations with Pair balanced (observed at t0 and t1)
....
Difference-in-difference with Multiple Time Periods

                                                           Number of obs = 976
Outcome model  : regression adjustment
Treatment model: none
------------------------------------------------------------------------------
             | Coefficient  Std. err.      z    P>|z|     [95% conf. interval]
-------------+----------------------------------------------------------------
g1           |
       t_0_1 |  -131.6989   167.6398    -0.79   0.432    -460.2669    196.8692
       t_0_2 |  -84.50154   185.1273    -0.46   0.648    -447.3443    278.3412
-------------+----------------------------------------------------------------
g2           |
       t_0_1 |   78.91484   284.0669     0.28   0.781     -477.846    635.6757
       t_1_2 |   196.8327   225.1923     0.87   0.382    -244.5361    638.2015
------------------------------------------------------------------------------
Control: Never Treated

See Callaway and Sant'Anna (2021) for details

. 
. * Maybe the syntax should just use long data: csdid yield icp, ivar(qnno) tim
> e(tindex) gvar(first_icp)
. 
end of do-file
