
  ___  ____  ____  ____  ____ ®
 /__    /   ____/   /   ____/      StataNow 19.5
___/   /   /___/   /   /___/       MP—Parallel Edition

 Statistics and Data Science       Copyright 1985-2025 StataCorp LLC
                                   StataCorp
                                   4905 Lakeway Drive
                                   College Station, Texas 77845 USA
                                   800-782-8272        https://www.stata.com
                                   979-696-4600        service@stata.com

Stata license: Single-user 4-core , expiring 31 Aug 2026
Serial number: 501909220406
  Licensed to: Jeffrey D. Michler
               University of Arizona

Notes:
      1. Stata is running in batch mode.
      2. Unicode is supported; see help unicode_advice.
      3. More than 2 billion observations are allowed; see help obs_advice.
      4. Maximum number of variables is set to 5,000 but can be increased;
          see help set_maxvar.

. do 11-FE.do 

. * course: AAE 497A/597A
. * assignment: 11
. * created on: mar 26
. * created by: jdm
. * edited on: 26 mar 26
. * edited by: jdm
. * Stata v.19.5
.         
. * open log
.         cap log                 close

.         log using               "$logout/11-FE", append
(file C:/11-FE.smcl not found)
file C:/11-FE.smcl could not be opened
r(603);

end of do-file
r(603);
